  Determining projects to restore...
  All projects are up-to-date for restore.
D:\QuanlySinhVien\backend\StudentManagement.API\Controllers\TestController.cs(121,17): warning CS8604: Possible null reference argument for parameter 'parameters' in 'Task<int> RelationalDatabaseFacadeExtensions.ExecuteSqlRawAsync(DatabaseFacade databaseFacade, string sql, params object[] parameters)'. [D:\QuanlySinhVien\backend\StudentManagement.API\StudentManagement.API.csproj]
D:\QuanlySinhVien\backend\StudentManagement.API\Controllers\TestController.cs(122,17): warning CS8604: Possible null reference argument for parameter 'parameters' in 'Task<int> RelationalDatabaseFacadeExtensions.ExecuteSqlRawAsync(DatabaseFacade databaseFacade, string sql, params object[] parameters)'. [D:\QuanlySinhVien\backend\StudentManagement.API\StudentManagement.API.csproj]
D:\QuanlySinhVien\backend\StudentManagement.API\Models\DTOs.cs(674,14): warning CS8907: Parameter 'Timestamp' is unread. Did you forget to use it to initialize the property with that name? [D:\QuanlySinhVien\backend\StudentManagement.API\StudentManagement.API.csproj]
D:\QuanlySinhVien\backend\StudentManagement.API\Controllers\RegistrationController.cs(258,29): error CS1061: 'StudentRegistration' does not contain a definition for 'SemesterCourse' and no accessible extension method 'SemesterCourse' accepting a first argument of type 'StudentRegistration' could be found (are you missing a using directive or an assembly reference?) [D:\QuanlySinhVien\backend\StudentManagement.API\StudentManagement.API.csproj]
D:\QuanlySinhVien\backend\StudentManagement.API\Controllers\RegistrationController.cs(374,29): error CS1061: 'StudentRegistration' does not contain a definition for 'SemesterCourse' and no accessible extension method 'SemesterCourse' accepting a first argument of type 'StudentRegistration' could be found (are you missing a using directive or an assembly reference?) [D:\QuanlySinhVien\backend\StudentManagement.API\StudentManagement.API.csproj]

Build FAILED.

D:\QuanlySinhVien\backend\StudentManagement.API\Controllers\TestController.cs(121,17): warning CS8604: Possible null reference argument for parameter 'parameters' in 'Task<int> RelationalDatabaseFacadeExtensions.ExecuteSqlRawAsync(DatabaseFacade databaseFacade, string sql, params object[] parameters)'. [D:\QuanlySinhVien\backend\StudentManagement.API\StudentManagement.API.csproj]
D:\QuanlySinhVien\backend\StudentManagement.API\Controllers\TestController.cs(122,17): warning CS8604: Possible null reference argument for parameter 'parameters' in 'Task<int> RelationalDatabaseFacadeExtensions.ExecuteSqlRawAsync(DatabaseFacade databaseFacade, string sql, params object[] parameters)'. [D:\QuanlySinhVien\backend\StudentManagement.API\StudentManagement.API.csproj]
D:\QuanlySinhVien\backend\StudentManagement.API\Models\DTOs.cs(674,14): warning CS8907: Parameter 'Timestamp' is unread. Did you forget to use it to initialize the property with that name? [D:\QuanlySinhVien\backend\StudentManagement.API\StudentManagement.API.csproj]
D:\QuanlySinhVien\backend\StudentManagement.API\Controllers\RegistrationController.cs(258,29): error CS1061: 'StudentRegistration' does not contain a definition for 'SemesterCourse' and no accessible extension method 'SemesterCourse' accepting a first argument of type 'StudentRegistration' could be found (are you missing a using directive or an assembly reference?) [D:\QuanlySinhVien\backend\StudentManagement.API\StudentManagement.API.csproj]
D:\QuanlySinhVien\backend\StudentManagement.API\Controllers\RegistrationController.cs(374,29): error CS1061: 'StudentRegistration' does not contain a definition for 'SemesterCourse' and no accessible extension method 'SemesterCourse' accepting a first argument of type 'StudentRegistration' could be found (are you missing a using directive or an assembly reference?) [D:\QuanlySinhVien\backend\StudentManagement.API\StudentManagement.API.csproj]
    3 Warning(s)
    2 Error(s)

Time Elapsed 00:00:01.85
