MSBUILD : error MSB1008: Only one project can be specified.
    Full command line: 'C:\Program Files\dotnet\sdk\9.0.304\MSBuild.dll -maxcpucount -verbosity:m -tlp:default=auto -nologo -restore -consoleloggerparameters:Summary backend\StudentManagement.API\StudentManagement.API.csproj /clp:ErrorsOnly ; cat build_errors.txt -distributedlogger:Microsoft.DotNet.Tools.MSBuild.MSBuildLogger,C:\Program Files\dotnet\sdk\9.0.304\dotnet.dll*Microsoft.DotNet.Tools.MSBuild.MSBuildForwardingLogger,C:\Program Files\dotnet\sdk\9.0.304\dotnet.dll'
  Switches appended by response files:
Switch: ;

For switch syntax, type "MSBuild -help"
